————————————2018-03-25————————————
360手机助手 免费领一只区块猫 - 薅羊毛
https://www.haoyangmao8.com/post/2076.html
-----------————————————2018-03-25————————————
用小成本不断去拼搏 谋求成功 - 薅羊毛
https://www.haoyangmao8.com/post/2132.html
-----------————————————2018-03-25————————————
免费赚钱 其实！你并不知道...... - 薅羊毛
https://www.haoyangmao8.com/post/2131.html
-----------————————————2018-03-25————————————
操盘侠 投资500元5天标 送35元 - 薅羊毛
https://www.haoyangmao8.com/post/2130.html
-----------————————————2018-03-25————————————
公信宝怎么交易？ 附操作步骤 - 薅羊毛
https://www.haoyangmao8.com/post/2044.html
-----------————————————2018-03-25————————————
2018做这个项目 最低月入千元 - 薅羊毛
https://www.haoyangmao8.com/post/677.html
-----------————————————2018-03-25————————————
聚享游 手机悬赏任务 领取10元 - 薅羊毛
https://www.haoyangmao8.com/post/698.html
-----------————————————2018-03-25————————————
粒子链PCC 免费领取一台微矿机 - 薅羊毛
https://www.haoyangmao8.com/post/2136.html
-----------————————————2018-03-25————————————
幸运果 扫码赚钱 1元提现秒到 - 薅羊毛
https://www.haoyangmao8.com/post/2135.html
-----------————————————2018-03-25————————————
快视频 360影视出品 拆现金红包 - 薅羊毛
https://www.haoyangmao8.com/post/631.html
-----------————————————2018-03-25————————————
柚子钱包 注册免费送1.05个EOS - 薅羊毛
https://www.haoyangmao8.com/post/2134.html
-----------————————————2018-03-25————————————
腾讯王卡 免费申请 入网送20话费 - 薅羊毛
https://www.haoyangmao8.com/post/2133.html
-----------————————————2018-03-25————————————
360手机助手 免费领一只区块猫 - 薅羊毛
https://www.haoyangmao8.com/post/2076.html
-----------————————————2018-03-25————————————
用小成本不断去拼搏 谋求成功 - 薅羊毛
https://www.haoyangmao8.com/post/2132.html
-----------————————————2018-03-25————————————
免费赚钱 其实！你并不知道...... - 薅羊毛
https://www.haoyangmao8.com/post/2131.html
-----------————————————2018-03-25————————————
操盘侠 投资500元5天标 送35元 - 薅羊毛
https://www.haoyangmao8.com/post/2130.html
-----------————————————2018-03-25————————————
公信宝怎么交易？ 附操作步骤 - 薅羊毛
https://www.haoyangmao8.com/post/2044.html
-----------